// Jest Snapshot v1, https://goo.gl/fbAQLP

exports[`render expenselistitem component 1`] = `
ShallowWrapper {
  "complexSelector": ComplexSelector {
    "buildPredicate": [Function],
    "childrenOfNode": [Function],
    "findWhereUnwrapped": [Function],
  },
  "length": 1,
  "node": <div>
    <Link
        replace={false}
        to="/edit/1"
    >
        <h3>
            Gum
        </h3>
    </Link>
    <p>
        $ 500,0
        -
        31 December, 1969
    </p>
</div>,
  "nodes": Array [
    <div>
      <Link
            replace={false}
            to="/edit/1"
      >
            <h3>
                  Gum
            </h3>
      </Link>
      <p>
            $ 500,0
            -
            31 December, 1969
      </p>
</div>,
  ],
  "options": Object {},
  "renderer": ReactShallowRenderer {
    "_instance": ShallowComponentWrapper {
      "_calledComponentWillUnmount": false,
      "_compositeType": 2,
      "_context": Object {},
      "_currentElement": <ExpenseListItem
        amount={500}
        createdAt={0}
        description="Gum"
        id={1}
        note=""
/>,
      "_debugID": 1,
      "_hostContainerInfo": null,
      "_hostParent": null,
      "_instance": StatelessComponent {
        "_reactInternalInstance": [Circular],
        "context": Object {},
        "props": Object {
          "amount": 500,
          "createdAt": 0,
          "description": "Gum",
          "id": 1,
          "note": "",
        },
        "refs": Object {},
        "state": null,
        "updater": Object {
          "enqueueCallback": [Function],
          "enqueueCallbackInternal": [Function],
          "enqueueElementInternal": [Function],
          "enqueueForceUpdate": [Function],
          "enqueueReplaceState": [Function],
          "enqueueSetState": [Function],
          "isMounted": [Function],
          "validateCallback": [Function],
        },
      },
      "_mountOrder": 1,
      "_pendingCallbacks": null,
      "_pendingElement": null,
      "_pendingForceUpdate": false,
      "_pendingReplaceState": false,
      "_pendingStateQueue": null,
      "_renderedComponent": NoopInternalComponent {
        "_currentElement": <div>
          <Link
                    replace={false}
                    to="/edit/1"
          >
                    <h3>
                              Gum
                    </h3>
          </Link>
          <p>
                    $ 500,0
                    -
                    31 December, 1969
          </p>
</div>,
        "_debugID": 2,
        "_renderedOutput": <div>
          <Link
                    replace={false}
                    to="/edit/1"
          >
                    <h3>
                              Gum
                    </h3>
          </Link>
          <p>
                    $ 500,0
                    -
                    31 December, 1969
          </p>
</div>,
      },
      "_renderedNodeType": 0,
      "_rootNodeID": 0,
      "_topLevelWrapper": null,
      "_updateBatchNumber": null,
      "_warnedAboutRefsInRender": false,
    },
    "getRenderOutput": [Function],
    "render": [Function],
  },
  "root": [Circular],
  "unrendered": <ExpenseListItem
    amount={500}
    createdAt={0}
    description="Gum"
    id={1}
    note=""
/>,
}
`;
